an object with bytes[] field.[0] = {
  "ExampleObjectWithBytes": {
    "value": ""
  }
}
an object with bytes[] field.[1] = {
  "ExampleObjectWithBytes": {
    "value": ""
  }
}
an object with bytes[] field.[2] = {
  "ExampleObjectWithBytes": {
    "value": "some regular text"
  }
}
an object with bytes[] field.[3] = {
  "ExampleObjectWithBytes": {
    "value": "{looks like json}"
  }
}
an object with bytes[] field.[4] = {
  "ExampleObjectWithBytes": {}
}
an object with bytes[] field.[5] = {
  "ExampleObjectWithBytes": {
    "value": ""
  }
}
an object with bytes[] field.[6] = {
  "ExampleObjectWithBytes": {
    "value": "\u0001\u0002\u0003"
  }
}
